// Jest Snapshot v1, https://goo.gl/fbAQLP

exports[`App component Rendering the simple component 1`] = `ShallowWrapper {}`;
