// Jest Snapshot v1, https://goo.gl/fbAQLP

exports[`Calendar component Rendering Calendar component 1`] = `ShallowWrapper {}`;
